// Jest Snapshot v1, https://goo.gl/fbAQLP

exports[`APP SNAPSHOT  renders App 1`] = `
<Fragment>
  <Search />
  <User />
</Fragment>
`;
